// Jest Snapshot v1, https://goo.gl/fbAQLP

exports[`AppView should match the snapshot 1`] = `
.c4 {
  -webkit-text-decoration: none;
  text-decoration: none;
  color: #FF7079;
  -webkit-transition: color ease .2s;
  transition: color ease .2s;
}

.c4:hover {
  color: #EF6069;
}

.c4:hover svg {
  fill: #EF6069;
}

.c4:active,
.c4:focus,
.c4:visited {
  background: transparent;
}

.c1 {
  position: fixed;
  top: 0;
  left: 0;
  right: 0;
  height: 23px;
  z-index: 3;
  -webkit-app-region: drag;
}

.c5 {
  color: #FF7079;
  -webkit-align-self: flex-end;
  -ms-flex-item-align: end;
  align-self: flex-end;
}

.c2 {
  position: fixed;
  top: 0px;
  left: 0px;
  right: 0px;
  z-index: 2;
  height: 50px;
  display: -webkit-box;
  display: -webkit-flex;
  display: -ms-flexbox;
  display: flex;
  -webkit-align-items: center;
  -webkit-box-align: center;
  -ms-flex-align: center;
  align-items: center;
  -webkit-box-pack: justify;
  -webkit-justify-content: space-between;
  -ms-flex-pack: justify;
  justify-content: space-between;
  padding: 20px 40px 0px 40px;
  background: linear-gradient(to bottom,#FFFFFF 85%,transparent);
}

.c2 ul {
  list-style-type: none;
  padding: 0;
  margin: 0;
  display: -webkit-box;
  display: -webkit-flex;
  display: -ms-flexbox;
  display: flex;
  -webkit-align-items: center;
  -webkit-box-align: center;
  -ms-flex-align: center;
  align-items: center;
}

.c2 ul li {
  display: inline;
  font-size: 15px;
  font-weight: bold;
  color: #3F3844;
  -webkit-transition: color ease .2s;
  transition: color ease .2s;
}

.c2 ul li a {
  -webkit-text-decoration: none;
  text-decoration: none;
  color: #3F3844;
  -webkit-transition: color ease .2s;
  transition: color ease .2s;
  padding-bottom: 5px;
}

.c2 ul li a.active {
  color: #FF7079;
  border-bottom: 2px solid #FF7079;
}

.c2 ul li:hover a {
  cursor: pointer;
  color: #FF7079;
}

.c2 ul:first-child li {
  margin: 0px 20px;
}

.c2 ul:first-child li:first-child {
  margin-left: 0;
}

.c2 ul:last-child li {
  margin: 0px 20px;
}

.c2 ul:last-child li:last-child {
  margin-right: 0px;
}

.c3 svg {
  border-radius: 3px;
  color: #FF7079;
  border: 2px solid transparent;
  -webkit-transition: all ease .2s;
  transition: all ease .2s;
}

.c3 svg:hover {
  color: #FF7079;
  border: 2px solid #FF7079;
}

.c3 svg {
  -webkit-animation: ikNrtx 2s ease-in infinite;
  animation: ikNrtx 2s ease-in infinite;
}

.c3 svg:hover {
  -webkit-animation-play-state: paused;
  animation-play-state: paused;
}

.c7 {
  -webkit-animation: gOHwoP .7s ease-in;
  animation: gOHwoP .7s ease-in;
  max-width: 100%;
  box-sizing: border-box;
  padding: 15px 20px;
  position: fixed;
  bottom: 0;
  width: 100%;
  background: #FFFFFF;
  display: none;
  -webkit-align-items: center;
  -webkit-box-align: center;
  -ms-flex-align: center;
  align-items: center;
  box-shadow: 0px -2px 20px #F9F9F9;
  border-top: 2px solid #F9F9F9;
}

.c7 div.panel {
  -webkit-box-flex: 0;
  -webkit-flex-grow: 0;
  -ms-flex-positive: 0;
  flex-grow: 0;
  min-width: 520px;
  display: -webkit-box;
  display: -webkit-flex;
  display: -ms-flexbox;
  display: flex;
  -webkit-align-items: center;
  -webkit-box-align: center;
  -ms-flex-align: center;
  align-items: center;
  max-width: 1800px;
}

.c7 div.buttons {
  margin: 0 20px;
  display: -webkit-box;
  display: -webkit-flex;
  display: -ms-flexbox;
  display: flex;
}

.c7 div.time {
  margin: 0 20px;
  font-size: 16px;
  font-weight: bold;
}

.c7 div.buttons a {
  padding: 5px 0px;
}

.c7 div.buttons a:hover {
  background: #F9F9F9;
}

.c7 div.buttons a:first-child {
  margin-right: 20px;
}

.c7 div.buttons.buttons-advanced a {
  margin-right: 5px;
}

.c7 div.buttons.buttons-advanced a:last-child {
  margin-right: initial;
}

.c7 div.issueName {
  padding: 0 20px;
  max-width: 500px;
  display: -webkit-box;
  display: -webkit-flex;
  display: -ms-flexbox;
  display: flex;
  -webkit-flex-direction: row;
  -ms-flex-direction: row;
  flex-direction: row;
  -webkit-align-items: center;
  -webkit-box-align: center;
  -ms-flex-align: center;
  align-items: center;
}

.c7 div.time {
  color: #FF7079;
}

.c7 input[name="comment"] {
  -webkit-box-flex: 2;
  -webkit-flex-grow: 2;
  -ms-flex-positive: 2;
  flex-grow: 2;
  margin-left: 20px;
  width: initial;
  border: none;
  border-radius: 0;
  border-bottom: 1px #F9F9F9 solid;
  color: #A4A4A4;
}

.c7 input[name="comment"]:focus {
  border: none;
  border-radius: 0;
  border-bottom: 1px #FF7079 solid;
  box-shadow: none;
}

.c8 {
  padding: 0px;
}

.c0 {
  height: 100%;
  display: grid;
  grid-template-rows: 60px auto 80px;
  grid-template-columns: repeat(auto-fit,minmax(70px,1fr));
}

.c6 {
  grid-column: span 12;
  grid-row: 2 / -1;
}

<div
  className="c0"
>
  <div
    className="c1"
  />
  <nav
    className="c2"
  >
    <ul>
      <li>
        <div>
          <a
            className="c3 c4"
            disabled={false}
            href="#"
            onClick={[Function]}
          >
            <svg
              className="mdi-icon "
              fill="currentColor"
              height={30}
              viewBox="0 0 24 24"
              width={30}
            >
              <path
                d="M20,11V13H8L13.5,18.5L12.08,19.92L4.16,12L12.08,4.08L13.5,5.5L8,11H20Z"
              />
            </svg>
          </a>
        </div>
      </li>
      <li>
        <a
          aria-current={null}
          href="#/app/summary/assigned"
          onClick={[Function]}
        >
          Assigned
        </a>
      </li>
      <li>
        <a
          aria-current={null}
          href="#/app/summary/author"
          onClick={[Function]}
        >
          Author
        </a>
      </li>
    </ul>
    <ul>
      <li>
        <a
          aria-current={null}
          href="#/app/settings"
          onClick={[Function]}
        >
          Settings
        </a>
      </li>
      <li>
        <span
          className="c5"
        >
          John Wayne
        </span>
      </li>
      <li>
        <a
          className="c4"
          disabled={false}
          href="#"
          id="signout"
          onClick={[Function]}
        >
          Sign out
        </a>
      </li>
    </ul>
  </nav>
  <div
    className="c6"
  >
    <div
      className="c7"
    >
      <div
        className="panel"
      >
        <div
          className="buttons"
        >
          <a
            className="c8 c4"
            disabled={false}
            href="#"
            onClick={[Function]}
          >
            <svg
              className="mdi-icon "
              fill="currentColor"
              height={35}
              viewBox="0 0 24 24"
              width={35}
            >
              <path
                d="M18,18H6V6H18V18Z"
              />
            </svg>
          </a>
          <a
            className="c8 c4"
            disabled={false}
            href="#"
            onClick={[Function]}
          >
            <svg
              className="mdi-icon "
              fill="currentColor"
              height={35}
              viewBox="0 0 24 24"
              width={35}
            >
              <path
                d="M14,19H18V5H14M6,19H10V5H6V19Z"
              />
            </svg>
          </a>
        </div>
        <div
          className="issueName"
        />
        <div
          className="time"
        >
          <span>
            00:00:00
          </span>
        </div>
      </div>
    </div>
  </div>
</div>
`;
