// Jest Snapshot v1, https://goo.gl/fbAQLP

exports[`SummaryPage => IssuesTable component should match the snapshot 1`] = `
.c0 {
  position: relative;
}

.c0 tbody {
  text-align: center;
  font-size: 14px;
  overflow-y: scroll;
  display: block;
  max-height: 60vh;
}

.c0 tbody tr th {
  padding: 15px;
  position: -webkit-sticky;
  position: sticky;
  top: 0;
  background: #F9F9F9;
  font-weight: 900;
  -webkit-transition: color ease .2s;
  transition: color ease .2s;
}

.c0 tbody tr th:hover {
  cursor: pointer;
  color: #FF7079;
}

.c0 tbody tr th svg {
  vertical-align: middle;
}

.c0 tbody tr th.due-date {
  width: 90px;
  z-index: 1;
}

.c0 tbody tr td {
  padding: 15px;
  font-weight: 500;
  -webkit-transition: background ease .2s;
  transition: background ease .2s;
}

.c0 tbody tr:hover {
  cursor: pointer;
}

.c0 tbody tr:hover td {
  background: #F9F9F9;
}

.c3 {
  position: relative;
  display: inline-grid;
  grid-template-rows: 1fr;
}

.c3 span {
  float: left;
  grid-row: 1;
  grid-column: 1;
}

.c3 span:last-child {
  opacity: 0;
  display: none;
}

.c1 {
  padding-bottom: 2px;
  background: linear-gradient(to bottom,transparent 0,transparent 90%,#6CCA51 90%,#6CCA51 100%);
}

.c2 {
  padding-bottom: 2px;
  background: linear-gradient(to bottom,transparent 0,transparent 90%,#FF634D 90%,#FF634D 100%);
}

.c4 {
  padding-bottom: 2px;
  background: linear-gradient(to bottom,transparent 0,transparent 90%,#FFDA77 90%,#FFDA77 100%);
}

<table
  cellPadding={0}
  cellSpacing={0}
  className="c0"
  width="100%"
>
  <tbody>
    <tr>
      <th
        className=""
        onClick={[Function]}
      >
        Id
         
      </th>
      <th
        className=""
        onClick={[Function]}
      >
        Project
         
      </th>
      <th
        className=""
        onClick={[Function]}
      >
        Tracker
         
      </th>
      <th
        className=""
        onClick={[Function]}
      >
        Status
         
      </th>
      <th
        className=""
        onClick={[Function]}
      >
        Subject
         
      </th>
      <th
        className=""
        onClick={[Function]}
      >
        Priority
         
      </th>
      <th
        className=""
        onClick={[Function]}
      >
        Estimation
         
      </th>
      <th
        className="due-date"
        onClick={[Function]}
      >
        Due Date
         
      </th>
    </tr>
    <tr
      onClick={[Function]}
    >
      <td>
        <span
          className=""
        >
          1
        </span>
      </td>
      <td>
        <span
          className=""
        >
          Test Project 1
        </span>
      </td>
      <td>
        <span
          className=""
        >
          Test Tracker 1
        </span>
      </td>
      <td>
        <span
          className="c1"
          color="#6CCA51"
        >
          Open
        </span>
      </td>
      <td>
        <span
          className=""
        >
          Task #1
        </span>
      </td>
      <td>
        <span
          className="c2"
          color="#FF634D"
        >
          High
        </span>
      </td>
      <td>
        <span
          className=""
        >
          10
        </span>
      </td>
      <td>
        <span
          className="c3"
        >
          <span>
            Jan 01 2011
          </span>
          <span>
            Jan 01 2011
          </span>
        </span>
      </td>
    </tr>
    <tr
      onClick={[Function]}
    >
      <td>
        <span
          className=""
        >
          2
        </span>
      </td>
      <td>
        <span
          className=""
        >
          Test Project 2
        </span>
      </td>
      <td>
        <span
          className=""
        >
          Test Tracker 2
        </span>
      </td>
      <td>
        <span
          className="c1"
          color="#6CCA51"
        >
          Open
        </span>
      </td>
      <td>
        <span
          className=""
        >
          Task #2
        </span>
      </td>
      <td>
        <span
          className="c4"
          color="#FFDA77"
        >
          Normal
        </span>
      </td>
      <td>
        <span
          className=""
        >
          5
        </span>
      </td>
      <td>
        <span
          className="c3"
        >
          <span>
            Jan 01 2011
          </span>
          <span>
            Jan 01 2011
          </span>
        </span>
      </td>
    </tr>
    <tr
      onClick={[Function]}
    >
      <td>
        <span
          className=""
        >
          3
        </span>
      </td>
      <td>
        <span
          className=""
        >
          Test Project 3
        </span>
      </td>
      <td>
        <span
          className=""
        >
          Test Tracker 3
        </span>
      </td>
      <td>
        <span
          className="c1"
          color="#6CCA51"
        >
          Open
        </span>
      </td>
      <td>
        <span
          className=""
        >
          Task #3
        </span>
      </td>
      <td>
        <span
          className="c1"
          color="#6CCA51"
        >
          Low
        </span>
      </td>
      <td>
        <span
          className=""
        >
          2
        </span>
      </td>
      <td>
        <span
          className="c3"
        >
          <span>
            Jan 01 2011
          </span>
          <span>
            Jan 01 2011
          </span>
        </span>
      </td>
    </tr>
  </tbody>
</table>
`;
