// Jest Snapshot v1, https://goo.gl/fbAQLP

exports[`SummaryPage => ColumnHeadersSelect componnet should match the snapshot 1`] = `
.c0 h4 {
  margin-bottom: 10px;
  color: #A0A0A0;
}

.c1 {
  color: #A0A0A0;
}

.c6 {
  position: absolute;
  display: none;
  border-radius: 3px;
  top: -50px;
  left: 50%;
  width: auto;
  -webkit-transform: translateX(-50%);
  -ms-transform: translateX(-50%);
  transform: translateX(-50%);
  padding: 5px;
  background: #FFFFFF;
  color: #EF6069;
  text-align: center;
  font-size: 12px;
  white-space: nowrap;
  box-shadow: 0px 2px 7px #A0A0A0;
}

.c6::after {
  content: ' ';
  position: absolute;
  top: 100%;
  left: 50%;
  width: auto;
  -webkit-transform: translateX(-50%);
  -ms-transform: translateX(-50%);
  transform: translateX(-50%);
  border: 2px solid black;
  border-width: 5px;
  border-color: #FFFFFF transparent transparent transparent;
}

.c3 {
  display: inline-block;
  position: relative;
}

.c3:hover .c5 {
  display: block;
}

.c7 {
  display: -webkit-box;
  display: -webkit-flex;
  display: -ms-flexbox;
  display: flex;
  -webkit-flex-direction: column;
  -ms-flex-direction: column;
  flex-direction: column;
}

.c4 {
  padding-bottom: 1px;
}

.c2 {
  margin-left: 0.2rem;
  color: #A0A0A0;
}

<div
  className="form-group undefined c0"
>
  <h4
    className="c1"
    htmlFor="headers"
  >
    Table Columns
    <span
      className="c2"
    >
      <div
        className="c3"
      >
        <svg
          className="mdi-icon c4"
          fill="currentColor"
          height={14}
          viewBox="0 0 24 24"
          width={14}
        >
          <path
            d="M15.07,11.25L14.17,12.17C13.45,12.89 13,13.5 13,15H11V14.5C11,13.39 11.45,12.39 12.17,11.67L13.41,10.41C13.78,10.05 14,9.55 14,9C14,7.89 13.1,7 12,7A2,2 0 0,0 10,9H8A4,4 0 0,1 12,5A4,4 0 0,1 16,9C16,9.88 15.64,10.67 15.07,11.25M13,19H11V17H13M12,2A10,10 0 0,0 2,12A10,10 0 0,0 12,22A10,10 0 0,0 22,12C22,6.47 17.5,2 12,2Z"
          />
        </svg>
        <p
          className="tooltip c5 c6"
        >
          <div
            className="c7"
          >
            <span>
              'Tags', 'Total Estimation', 'Total Spent'
            </span>
            <span>
              and 'Spent' need server-side support.
            </span>
          </div>
        </p>
      </div>
    </span>
  </h4>
  <div
    className="css-10nd86i"
    onKeyDown={[Function]}
  >
    <div
      className="css-1rcfx4g"
      onMouseDown={[Function]}
      onTouchEnd={[Function]}
    >
      <div
        className="css-1hwfws3"
      >
        <div
          style={
            Object {
              "overflow": "hidden",
              "whiteSpace": "nowrap",
              "width": "auto",
            }
          }
        >
          <div
            className="css-iuzuh3"
          >
            <div
              className="css-7ydjiw"
            >
              Id
            </div>
            <div
              className="css-azd3r6"
              onClick={[Function]}
              onMouseDown={[Function]}
              onTouchEnd={[Function]}
            >
              <svg
                aria-hidden="true"
                className="css-19bqh2r"
                focusable="false"
                height={14}
                viewBox="0 0 20 20"
                width={14}
              >
                <path
                  d="M14.348 14.849c-0.469 0.469-1.229 0.469-1.697 0l-2.651-3.030-2.651 3.029c-0.469 0.469-1.229 0.469-1.697 0-0.469-0.469-0.469-1.229 0-1.697l2.758-3.15-2.759-3.152c-0.469-0.469-0.469-1.228 0-1.697s1.228-0.469 1.697 0l2.652 3.031 2.651-3.031c0.469-0.469 1.228-0.469 1.697 0s0.469 1.229 0 1.697l-2.758 3.152 2.758 3.15c0.469 0.469 0.469 1.229 0 1.698z"
                />
              </svg>
            </div>
          </div>
        </div>
        <div
          style={
            Object {
              "overflow": "hidden",
              "whiteSpace": "nowrap",
              "width": "auto",
            }
          }
        >
          <div
            className="css-1gneeqd"
          >
            <div
              className="css-4a5pmt"
            >
              Project
            </div>
            <div
              className="css-sn3edf"
              onClick={[Function]}
              onMouseDown={[Function]}
              onTouchEnd={[Function]}
            >
              <svg
                aria-hidden="true"
                className="css-19bqh2r"
                focusable="false"
                height={14}
                viewBox="0 0 20 20"
                width={14}
              >
                <path
                  d="M14.348 14.849c-0.469 0.469-1.229 0.469-1.697 0l-2.651-3.030-2.651 3.029c-0.469 0.469-1.229 0.469-1.697 0-0.469-0.469-0.469-1.229 0-1.697l2.758-3.15-2.759-3.152c-0.469-0.469-0.469-1.228 0-1.697s1.228-0.469 1.697 0l2.652 3.031 2.651-3.031c0.469-0.469 1.228-0.469 1.697 0s0.469 1.229 0 1.697l-2.758 3.152 2.758 3.15c0.469 0.469 0.469 1.229 0 1.698z"
                />
              </svg>
            </div>
          </div>
        </div>
        <div
          style={
            Object {
              "overflow": "hidden",
              "whiteSpace": "nowrap",
              "width": "auto",
            }
          }
        >
          <div
            className="css-1gneeqd"
          >
            <div
              className="css-4a5pmt"
            >
              Tracker
            </div>
            <div
              className="css-sn3edf"
              onClick={[Function]}
              onMouseDown={[Function]}
              onTouchEnd={[Function]}
            >
              <svg
                aria-hidden="true"
                className="css-19bqh2r"
                focusable="false"
                height={14}
                viewBox="0 0 20 20"
                width={14}
              >
                <path
                  d="M14.348 14.849c-0.469 0.469-1.229 0.469-1.697 0l-2.651-3.030-2.651 3.029c-0.469 0.469-1.229 0.469-1.697 0-0.469-0.469-0.469-1.229 0-1.697l2.758-3.15-2.759-3.152c-0.469-0.469-0.469-1.228 0-1.697s1.228-0.469 1.697 0l2.652 3.031 2.651-3.031c0.469-0.469 1.228-0.469 1.697 0s0.469 1.229 0 1.697l-2.758 3.152 2.758 3.15c0.469 0.469 0.469 1.229 0 1.698z"
                />
              </svg>
            </div>
          </div>
        </div>
        <div
          style={
            Object {
              "overflow": "hidden",
              "whiteSpace": "nowrap",
              "width": "auto",
            }
          }
        >
          <div
            className="css-1gneeqd"
          >
            <div
              className="css-4a5pmt"
            >
              Status
            </div>
            <div
              className="css-sn3edf"
              onClick={[Function]}
              onMouseDown={[Function]}
              onTouchEnd={[Function]}
            >
              <svg
                aria-hidden="true"
                className="css-19bqh2r"
                focusable="false"
                height={14}
                viewBox="0 0 20 20"
                width={14}
              >
                <path
                  d="M14.348 14.849c-0.469 0.469-1.229 0.469-1.697 0l-2.651-3.030-2.651 3.029c-0.469 0.469-1.229 0.469-1.697 0-0.469-0.469-0.469-1.229 0-1.697l2.758-3.15-2.759-3.152c-0.469-0.469-0.469-1.228 0-1.697s1.228-0.469 1.697 0l2.652 3.031 2.651-3.031c0.469-0.469 1.228-0.469 1.697 0s0.469 1.229 0 1.697l-2.758 3.152 2.758 3.15c0.469 0.469 0.469 1.229 0 1.698z"
                />
              </svg>
            </div>
          </div>
        </div>
        <div
          style={
            Object {
              "overflow": "hidden",
              "whiteSpace": "nowrap",
              "width": "auto",
            }
          }
        >
          <div
            className="css-iuzuh3"
          >
            <div
              className="css-7ydjiw"
            >
              Subject
            </div>
            <div
              className="css-azd3r6"
              onClick={[Function]}
              onMouseDown={[Function]}
              onTouchEnd={[Function]}
            >
              <svg
                aria-hidden="true"
                className="css-19bqh2r"
                focusable="false"
                height={14}
                viewBox="0 0 20 20"
                width={14}
              >
                <path
                  d="M14.348 14.849c-0.469 0.469-1.229 0.469-1.697 0l-2.651-3.030-2.651 3.029c-0.469 0.469-1.229 0.469-1.697 0-0.469-0.469-0.469-1.229 0-1.697l2.758-3.15-2.759-3.152c-0.469-0.469-0.469-1.228 0-1.697s1.228-0.469 1.697 0l2.652 3.031 2.651-3.031c0.469-0.469 1.228-0.469 1.697 0s0.469 1.229 0 1.697l-2.758 3.152 2.758 3.15c0.469 0.469 0.469 1.229 0 1.698z"
                />
              </svg>
            </div>
          </div>
        </div>
        <div
          style={
            Object {
              "overflow": "hidden",
              "whiteSpace": "nowrap",
              "width": "auto",
            }
          }
        >
          <div
            className="css-1gneeqd"
          >
            <div
              className="css-4a5pmt"
            >
              Priority
            </div>
            <div
              className="css-sn3edf"
              onClick={[Function]}
              onMouseDown={[Function]}
              onTouchEnd={[Function]}
            >
              <svg
                aria-hidden="true"
                className="css-19bqh2r"
                focusable="false"
                height={14}
                viewBox="0 0 20 20"
                width={14}
              >
                <path
                  d="M14.348 14.849c-0.469 0.469-1.229 0.469-1.697 0l-2.651-3.030-2.651 3.029c-0.469 0.469-1.229 0.469-1.697 0-0.469-0.469-0.469-1.229 0-1.697l2.758-3.15-2.759-3.152c-0.469-0.469-0.469-1.228 0-1.697s1.228-0.469 1.697 0l2.652 3.031 2.651-3.031c0.469-0.469 1.228-0.469 1.697 0s0.469 1.229 0 1.697l-2.758 3.152 2.758 3.15c0.469 0.469 0.469 1.229 0 1.698z"
                />
              </svg>
            </div>
          </div>
        </div>
        <div
          style={
            Object {
              "overflow": "hidden",
              "whiteSpace": "nowrap",
              "width": "auto",
            }
          }
        >
          <div
            className="css-1gneeqd"
          >
            <div
              className="css-4a5pmt"
            >
              Estimation
            </div>
            <div
              className="css-sn3edf"
              onClick={[Function]}
              onMouseDown={[Function]}
              onTouchEnd={[Function]}
            >
              <svg
                aria-hidden="true"
                className="css-19bqh2r"
                focusable="false"
                height={14}
                viewBox="0 0 20 20"
                width={14}
              >
                <path
                  d="M14.348 14.849c-0.469 0.469-1.229 0.469-1.697 0l-2.651-3.030-2.651 3.029c-0.469 0.469-1.229 0.469-1.697 0-0.469-0.469-0.469-1.229 0-1.697l2.758-3.15-2.759-3.152c-0.469-0.469-0.469-1.228 0-1.697s1.228-0.469 1.697 0l2.652 3.031 2.651-3.031c0.469-0.469 1.228-0.469 1.697 0s0.469 1.229 0 1.697l-2.758 3.152 2.758 3.15c0.469 0.469 0.469 1.229 0 1.698z"
                />
              </svg>
            </div>
          </div>
        </div>
        <div
          style={
            Object {
              "overflow": "hidden",
              "whiteSpace": "nowrap",
              "width": "auto",
            }
          }
        >
          <div
            className="css-1gneeqd"
          >
            <div
              className="css-4a5pmt"
            >
              Due Date
            </div>
            <div
              className="css-sn3edf"
              onClick={[Function]}
              onMouseDown={[Function]}
              onTouchEnd={[Function]}
            >
              <svg
                aria-hidden="true"
                className="css-19bqh2r"
                focusable="false"
                height={14}
                viewBox="0 0 20 20"
                width={14}
              >
                <path
                  d="M14.348 14.849c-0.469 0.469-1.229 0.469-1.697 0l-2.651-3.030-2.651 3.029c-0.469 0.469-1.229 0.469-1.697 0-0.469-0.469-0.469-1.229 0-1.697l2.758-3.15-2.759-3.152c-0.469-0.469-0.469-1.228 0-1.697s1.228-0.469 1.697 0l2.652 3.031 2.651-3.031c0.469-0.469 1.228-0.469 1.697 0s0.469 1.229 0 1.697l-2.758 3.152 2.758 3.15c0.469 0.469 0.469 1.229 0 1.698z"
                />
              </svg>
            </div>
          </div>
        </div>
        <div
          className="css-1g6gooi"
        >
          <div
            className=""
            style={
              Object {
                "display": "inline-block",
              }
            }
          >
            <input
              aria-autocomplete="list"
              autoCapitalize="none"
              autoComplete="off"
              autoCorrect="off"
              disabled={false}
              id="react-select-2-input"
              onBlur={[Function]}
              onChange={[Function]}
              onFocus={[Function]}
              spellCheck="false"
              style={
                Object {
                  "background": 0,
                  "border": 0,
                  "boxSizing": "content-box",
                  "color": "inherit",
                  "fontSize": "inherit",
                  "opacity": 1,
                  "outline": 0,
                  "padding": 0,
                  "width": "1px",
                }
              }
              tabIndex="0"
              type="text"
              value=""
            />
            <div
              style={
                Object {
                  "height": 0,
                  "left": 0,
                  "overflow": "scroll",
                  "position": "absolute",
                  "top": 0,
                  "visibility": "hidden",
                  "whiteSpace": "pre",
                }
              }
            >
              
            </div>
          </div>
        </div>
      </div>
      <div
        className="css-1wy0on6"
      >
        <span
          className="css-d8oujb"
        />
        <div
          aria-hidden="true"
          className="css-1ep9fjw"
          onMouseDown={[Function]}
          onTouchEnd={[Function]}
        >
          <svg
            aria-hidden="true"
            className="css-19bqh2r"
            focusable="false"
            height={20}
            viewBox="0 0 20 20"
            width={20}
          >
            <path
              d="M4.516 7.548c0.436-0.446 1.043-0.481 1.576 0l3.908 3.747 3.908-3.747c0.533-0.481 1.141-0.446 1.574 0 0.436 0.445 0.408 1.197 0 1.615-0.406 0.418-4.695 4.502-4.695 4.502-0.217 0.223-0.502 0.335-0.787 0.335s-0.57-0.112-0.789-0.335c0 0-4.287-4.084-4.695-4.502s-0.436-1.17 0-1.615z"
            />
          </svg>
        </div>
      </div>
    </div>
    <div>
      <input
        name="headers"
        type="hidden"
        value="id"
      />
      <input
        name="headers"
        type="hidden"
        value="project.name"
      />
      <input
        name="headers"
        type="hidden"
        value="tracker.name"
      />
      <input
        name="headers"
        type="hidden"
        value="status.name"
      />
      <input
        name="headers"
        type="hidden"
        value="subject"
      />
      <input
        name="headers"
        type="hidden"
        value="priority.name"
      />
      <input
        name="headers"
        type="hidden"
        value="estimated_hours"
      />
      <input
        name="headers"
        type="hidden"
        value="due_date"
      />
    </div>
  </div>
</div>
`;
