// Jest Snapshot v1, https://goo.gl/fbAQLP

exports[`SummaryPage => IssuesTable component should match the snapshot 1`] = `
.c0 {
  position: relative;
  min-height: 200px;
  width: 100%;
  border: 2px solid #F9F9F9;
  border-spacing: 0px;
}

.c0 tbody {
  text-align: center;
  font-size: 14px;
  overflow-y: scroll;
  max-height: 60vh;
}

.c0 tbody tr td {
  border-bottom: 2px solid #F9F9F9;
  padding: 15px 5px;
  -webkit-transition: background ease .2s;
  transition: background ease .2s;
}

.c0 tbody tr:hover {
  cursor: pointer;
}

.c0 tbody tr:hover td {
  background: #F9F9F9;
}

.c0 tbody tr td.due_date {
  white-space: nowrap;
}

.c0 thead {
  z-index: 1;
}

.c0 thead tr th {
  padding: 15px 5px;
  background: #F9F9F9;
  border-bottom: 2px solid #E9E9E9;
  -webkit-transition: color ease .2s;
  transition: color ease .2s;
}

.c0 thead tr th:hover {
  cursor: pointer;
  color: #FF7079;
}

.c0 thead tr th svg {
  vertical-align: middle;
}

.c1 {
  padding-bottom: 2px;
  background: linear-gradient(to bottom,transparent 0,transparent 90%,#6CCA51 90%,#6CCA51 100%);
}

.c2 {
  padding-bottom: 2px;
  background: linear-gradient(to bottom,transparent 0,transparent 90%,#FFDA77 90%,#FFDA77 100%);
}

<table
  className="c0"
>
  <thead>
    <tr>
      <th
        onClick={[Function]}
      >
        Id
         
      </th>
      <th
        onClick={[Function]}
      >
        Project
         
      </th>
      <th
        onClick={[Function]}
      >
        Tracker
         
      </th>
      <th
        onClick={[Function]}
      >
        Status
         
      </th>
      <th
        onClick={[Function]}
      >
        Subject
         
      </th>
      <th
        onClick={[Function]}
      >
        Priority
         
      </th>
      <th
        onClick={[Function]}
      >
        Estimation
         
      </th>
      <th
        onClick={[Function]}
      >
        Total Estimation
         
      </th>
      <th
        onClick={[Function]}
      >
        Spent
         
      </th>
      <th
        onClick={[Function]}
      >
        Total Spent
         
      </th>
      <th
        onClick={[Function]}
      >
        Progress
         
      </th>
      <th
        onClick={[Function]}
      >
        Due Date
         
      </th>
    </tr>
  </thead>
  <tbody>
    <tr
      onClick={[Function]}
    >
      <td
        className=""
      >
        <span
          className=""
        >
          1
        </span>
      </td>
      <td
        className=""
      >
        <span
          className=""
        >
          Test Project 1
        </span>
      </td>
      <td
        className=""
      >
        <span
          className=""
        >
          Test Tracker 1
        </span>
      </td>
      <td
        className=""
      >
        <span
          className="c1"
          color="#6CCA51"
        >
          Open
        </span>
      </td>
      <td
        className=""
      >
        <span
          className=""
        >
          Task #1
        </span>
      </td>
      <td
        className=""
      >
        <span
          className="c2"
          color="#FFDA77"
        >
          High
        </span>
      </td>
      <td
        className=""
      >
        <span
          className=""
        >
          10
        </span>
      </td>
      <td
        className=""
      >
        <span
          className=""
        />
      </td>
      <td
        className=""
      >
        <span
          className=""
        />
      </td>
      <td
        className=""
      >
        <span
          className=""
        />
      </td>
      <td
        className=""
      >
        <span
          className=""
        />
      </td>
      <td
        className="due_date"
      >
        <span
          className=""
        >
          2011-01-01
        </span>
      </td>
    </tr>
    <tr
      onClick={[Function]}
    >
      <td
        className=""
      >
        <span
          className=""
        >
          2
        </span>
      </td>
      <td
        className=""
      >
        <span
          className=""
        >
          Test Project 2
        </span>
      </td>
      <td
        className=""
      >
        <span
          className=""
        >
          Test Tracker 2
        </span>
      </td>
      <td
        className=""
      >
        <span
          className="c1"
          color="#6CCA51"
        >
          Open
        </span>
      </td>
      <td
        className=""
      >
        <span
          className=""
        >
          Task #2
        </span>
      </td>
      <td
        className=""
      >
        <span
          className="c2"
          color="#FFDA77"
        >
          Normal
        </span>
      </td>
      <td
        className=""
      >
        <span
          className=""
        >
          5
        </span>
      </td>
      <td
        className=""
      >
        <span
          className=""
        />
      </td>
      <td
        className=""
      >
        <span
          className=""
        />
      </td>
      <td
        className=""
      >
        <span
          className=""
        />
      </td>
      <td
        className=""
      >
        <span
          className=""
        />
      </td>
      <td
        className="due_date"
      >
        <span
          className=""
        >
          2011-01-01
        </span>
      </td>
    </tr>
    <tr
      onClick={[Function]}
    >
      <td
        className=""
      >
        <span
          className=""
        >
          3
        </span>
      </td>
      <td
        className=""
      >
        <span
          className=""
        >
          Test Project 3
        </span>
      </td>
      <td
        className=""
      >
        <span
          className=""
        >
          Test Tracker 3
        </span>
      </td>
      <td
        className=""
      >
        <span
          className="c1"
          color="#6CCA51"
        >
          Open
        </span>
      </td>
      <td
        className=""
      >
        <span
          className=""
        >
          Task #3
        </span>
      </td>
      <td
        className=""
      >
        <span
          className="c1"
          color="#6CCA51"
        >
          Low
        </span>
      </td>
      <td
        className=""
      >
        <span
          className=""
        >
          2
        </span>
      </td>
      <td
        className=""
      >
        <span
          className=""
        />
      </td>
      <td
        className=""
      >
        <span
          className=""
        />
      </td>
      <td
        className=""
      >
        <span
          className=""
        />
      </td>
      <td
        className=""
      >
        <span
          className=""
        />
      </td>
      <td
        className="due_date"
      >
        <span
          className=""
        >
          2011-01-01
        </span>
      </td>
    </tr>
  </tbody>
</table>
`;
