// Jest Snapshot v1, https://goo.gl/fbAQLP

exports[`AppView -> Summary Page should match the snapshot 1`] = `
.c3 {
  display: block;
  width: 100%;
  border-radius: 3px;
  padding: 5px 10px;
  box-sizing: border-box;
  font-size: 14px;
  min-height: 35px;
  outline: none;
  font-weight: bold;
  -webkit-transition: background .2s;
  transition: background .2s;
  border: 1px solid #A0A0A0;
  color: #FF7079;
  background: white;
  background-image: url(data:image/svg+xml;utf8,%3Csvg%20xmlns%3D%22http%3A%2F%2Fwww.w3.org%2F2000%2Fsvg%22%20class%3D%22mdi-icon%20%22%20width%3D%2224%22%20height%3D%2224%22%20fill%3D%22%23FF7079%22%20viewBox%3D%220%200%2024%2024%22%3E%3Cpath%20d%3D%22M9.5%2C3A6.5%2C6.5%200%200%2C1%2016%2C9.5C16%2C11.11%2015.41%2C12.59%2014.44%2C13.73L14.71%2C14H15.5L20.5%2C19L19%2C20.5L14%2C15.5V14.71L13.73%2C14.44C12.59%2C15.41%2011.11%2C16%209.5%2C16A6.5%2C6.5%200%200%2C1%203%2C9.5A6.5%2C6.5%200%200%2C1%209.5%2C3M9.5%2C5C7%2C5%205%2C7%205%2C9.5C5%2C12%207%2C14%209.5%2C14C12%2C14%2014%2C12%2014%2C9.5C14%2C7%2012%2C5%209.5%2C5Z%22%3E%3C%2Fpath%3E%3C%2Fsvg%3E);
  background-repeat: no-repeat;
  background-position: 5px center;
  padding-left: 35px;
}

.c3:hover {
  border: 1px solid #FF7079;
}

.c3:focus {
  border-color: #FF7079;
  box-shadow: 0px 0px 0px 1px #FF7079;
}

.c3::-webkit-input-placeholder {
  color: #A0A0A0;
  font-weight: 500;
}

.c3::-moz-placeholder {
  color: #A0A0A0;
  font-weight: 500;
}

.c3:-ms-input-placeholder {
  color: #A0A0A0;
  font-weight: 500;
}

.c3::placeholder {
  color: #A0A0A0;
  font-weight: 500;
}

.c7 {
  border: 0;
  -webkit-clip: rect(0 0 0 0);
  clip: rect(0 0 0 0);
  -webkit-clippath: inset(50%);
  clippath: inset(50%);
  height: 1px;
  margin: -1px;
  overflow: hidden;
  padding: 0;
  position: absolute;
  white-space: nowrap;
  width: 1px;
}

.c8 {
  display: inline-block;
  width: 16px;
  height: 16px;
  background: #F9F9F9 transition:background .2s;
  border: 2px solid transparent;
  border-radius: 3px;
  cursor: pointer;
  background: white;
  border-color: #FF7079;
}

.c8 svg {
  visibility: hidden;
  position: relative;
  vertical-align: middle;
  bottom: 3px;
}

.c6:not(:disabled):hover + .c8,
.c6:focus + .c8 {
  box-shadow: 0px 0px 5px 1px #FF7F87;
}

.c6:disabled + .c8 {
  background: #F9F9F9;
  border-color: lightgrey;
}

.c5 {
  display: inline-block;
  vertical-align: middle;
}

.c5 + span {
  margin-left: 10px;
  vertical-align: middle;
}

.c9 {
  position: relative;
  min-height: 200px;
  width: 100%;
  border: 2px solid #F9F9F9;
  border-spacing: 0px;
}

.c9 tbody {
  text-align: center;
  font-size: 14px;
  overflow-y: scroll;
  max-height: 60vh;
}

.c9 tbody tr td {
  border-bottom: 2px solid #F9F9F9;
  padding: 15px 5px;
  -webkit-transition: background ease .2s;
  transition: background ease .2s;
}

.c9 tbody tr:hover {
  cursor: pointer;
}

.c9 tbody tr:hover td {
  background: #F9F9F9;
}

.c9 tbody tr td.due_date {
  white-space: nowrap;
}

.c9 tbody tr td.subject {
  text-align: left;
}

.c9 thead {
  z-index: 1;
}

.c9 thead tr th {
  padding: 15px 5px;
  background: #F9F9F9;
  border-bottom: 2px solid #E9E9E9;
  -webkit-transition: color ease .2s;
  transition: color ease .2s;
}

.c9 thead tr th:hover {
  cursor: pointer;
  color: #FF7079;
}

.c9 thead tr th svg {
  vertical-align: middle;
}

.c9 thead tr th.subject {
  text-align: left;
}

.c0 {
  display: grid;
  padding: 20px;
  grid-template-columns: repeat(auto-fit,minmax(100px,1fr));
  margin-bottom: 60px;
}

.c1 {
  background: white;
  padding: 0px 20px 20px 20px;
  border-radius: 5px;
  grid-column: span 8;
  grid-row: auto;
}

.c2 {
  display: grid;
  grid-template-columns: 1fr minmax(80px,auto);
  grid-template-rows: auto;
  grid-row-gap: 20px;
  grid-column-gap: 20px;
  margin-bottom: 20px;
}

.c4 {
  -webkit-align-self: center;
  -ms-flex-item-align: center;
  align-self: center;
}

<div
  className="c0"
>
  <section
    className="c1"
  >
    <h2>
      Issues assigned to me
    </h2>
    <div
      className="c2"
    >
      <input
        className="c3"
        disabled={false}
        name="search"
        onChange={[Function]}
        placeholder="Search..."
        type="text"
      />
      <div
        className="c4"
      >
        <label>
          <div
            className="c5"
          >
            <input
              checked={false}
              className="c6 c7"
              disabled={false}
              onChange={[Function]}
              type="checkbox"
            />
            <div
              checked={false}
              className="c8"
            >
              <svg
                className="mdi-icon "
                fill="white"
                height="18"
                viewBox="0 0 24 24"
                width="18"
              >
                <path
                  d="M21,7L9,19L3.5,13.5L4.91,12.09L9,16.17L19.59,5.59L21,7Z"
                />
              </svg>
            </div>
          </div>
          <span>
            Closed
          </span>
        </label>
      </div>
    </div>
    <table
      className="c9"
    >
      <thead>
        <tr>
          <th
            className=""
            onClick={[Function]}
          >
            Id
             
          </th>
          <th
            className=""
            onClick={[Function]}
          >
            Subject
             
          </th>
        </tr>
      </thead>
      <tbody />
    </table>
  </section>
</div>
`;
