// Jest Snapshot v1, https://goo.gl/fbAQLP

exports[`TextArea component should match the snapshot 1`] = `
.c0 {
  font-size: 14px;
  resize: none;
  overflow: hidden;
  height: auto;
  width: 100%;
  line-height: 1.5rem;
  box-sizing: border-box;
}

<textarea
  className="c0"
  disabled={false}
  onChange={[Function]}
  rows={1}
/>
`;
