// Jest Snapshot v1, https://goo.gl/fbAQLP

exports[`SettingsPage => OptionsBlock component should match the snapshot 1`] = `
.c12 {
  border: 0;
  -webkit-clip: rect(0 0 0 0);
  clip: rect(0 0 0 0);
  -webkit-clippath: inset(50%);
  clippath: inset(50%);
  height: 1px;
  margin: -1px;
  overflow: hidden;
  padding: 0;
  position: absolute;
  white-space: nowrap;
  width: 1px;
}

.c13 {
  display: inline-block;
  width: 16px;
  height: 16px;
  background: #F9F9F9 transition:background .2s;
  border: 2px solid transparent;
  border-radius: 3px;
  cursor: pointer;
  background: white;
  border-color: #FF7079;
}

.c13 svg {
  visibility: hidden;
  position: relative;
  vertical-align: middle;
  bottom: 3px;
}

.c11:not(:disabled):hover + .c13,
.c11:focus + .c13 {
  box-shadow: 0px 0px 5px 1px #FF7F87;
}

.c11:disabled + .c13 {
  background: #F9F9F9;
  border-color: lightgrey;
}

.c10 {
  display: inline-block;
  vertical-align: middle;
}

.c10 + span {
  margin-left: 10px;
  vertical-align: middle;
}

.c1 h4 {
  margin-bottom: 10px;
  color: #A0A0A0;
}

.c2 {
  color: #A0A0A0;
}

.c7 {
  position: absolute;
  display: none;
  border-radius: 3px;
  width: auto;
  padding: 5px;
  background: #FFFFFF;
  color: #EF6069;
  text-align: center;
  font-size: 12px;
  white-space: nowrap;
  box-shadow: 0px 2px 7px #A0A0A0;
  z-index: 99;
  margin-block-start: 1em;
  margin-block-end: 1em;
  left: 30px;
  -webkit-transform: translateY(-50%);
  -ms-transform: translateY(-50%);
  transform: translateY(-50%);
  top: calc(-50% + 5px);
}

.c7::after {
  content: ' ';
  position: absolute;
  width: auto;
  border: 2px solid black;
  border-width: 5px;
  border-color: #FFFFFF transparent transparent transparent;
}

.c7::after {
  top: calc(50% - 5px);
  left: -10px;
  -webkit-transform: rotate(90deg);
  -ms-transform: rotate(90deg);
  transform: rotate(90deg);
}

.c14 {
  position: absolute;
  display: none;
  border-radius: 3px;
  width: auto;
  padding: 5px;
  background: #FFFFFF;
  color: #EF6069;
  text-align: center;
  font-size: 12px;
  white-space: nowrap;
  box-shadow: 0px 2px 7px #A0A0A0;
  z-index: 99;
  margin-block-start: 1em;
  margin-block-end: 1em;
  -webkit-transform: translateX(-50%);
  -ms-transform: translateX(-50%);
  transform: translateX(-50%);
  bottom: 75%;
  left: 50%;
}

.c14::after {
  content: ' ';
  position: absolute;
  width: auto;
  border: 2px solid black;
  border-width: 5px;
  border-color: #FFFFFF transparent transparent transparent;
}

.c14::after {
  top: 100%;
  left: 50%;
  -webkit-transform: translateX(-50%);
  -ms-transform: translateX(-50%);
  transform: translateX(-50%);
}

.c4 {
  display: inline-block;
  position: relative;
}

.c4:hover .c6 {
  display: block;
}

.c8 {
  display: -webkit-box;
  display: -webkit-flex;
  display: -ms-flexbox;
  display: flex;
  -webkit-flex-direction: column;
  -ms-flex-direction: column;
  flex-direction: column;
}

.c15 {
  display: -webkit-box;
  display: -webkit-flex;
  display: -ms-flexbox;
  display: flex;
}

.c16 {
  display: -webkit-box;
  display: -webkit-flex;
  display: -ms-flexbox;
  display: flex;
  -webkit-align-items: center;
  -webkit-box-align: center;
  -ms-flex-align: center;
  align-items: center;
  margin-left: 1rem;
}

.c5 {
  padding-bottom: 1px;
}

.c3 {
  margin-left: 0.2rem;
  color: #A0A0A0;
}

.c0 {
  display: grid;
  grid-template-columns: auto auto 1fr;
  grid-gap: 5px;
  grid-column-gap: 80px;
}

.c9 label {
  display: block;
}

.c9 label:not(:last-child) {
  margin-bottom: 0.5rem;
}

@media (max-width:1200px) {
  .c0 {
    grid-template-columns: auto 1fr;
  }
}

@media (max-width:950px) {
  .c0 {
    grid-template-columns: 1fr;
  }
}

<div
  className="c0"
>
  <div
    className="form-group  c1"
  >
    <h4
      className="c2"
      htmlFor=""
    >
      Options
      <span
        className="c3"
      >
        <div
          className="c4"
        >
          <svg
            className="mdi-icon c5"
            fill="currentColor"
            height={14}
            viewBox="0 0 24 24"
            width={14}
          >
            <path
              d="M15.07,11.25L14.17,12.17C13.45,12.89 13,13.5 13,15H11V14.5C11,13.39 11.45,12.39 12.17,11.67L13.41,10.41C13.78,10.05 14,9.55 14,9C14,7.89 13.1,7 12,7A2,2 0 0,0 10,9H8A4,4 0 0,1 12,5A4,4 0 0,1 16,9C16,9.88 15.64,10.67 15.07,11.25M13,19H11V17H13M12,2A10,10 0 0,0 2,12A10,10 0 0,0 12,22A10,10 0 0,0 22,12C22,6.47 17.5,2 12,2Z"
            />
          </svg>
          <div
            className="tooltip c6 c7"
          >
            <div
              className="c8"
            >
              <span>
                - Advanced timer controls: timer and comment are modifiable at runtime.
              </span>
              <span>
                - Issue always editable: server will check permissions and update (or not).
              </span>
              <span>
                - Comments editable: needs server-side support to update notes (if valid permissions).
              </span>
              <span>
                - Custom Fields editable: needs server-side support to update them (if valid permissions).
              </span>
            </div>
          </div>
        </div>
      </span>
    </h4>
    <div
      className="c9"
    >
      <label>
        <div
          className="c10"
        >
          <input
            checked={false}
            className="c11 c12"
            disabled={false}
            onChange={[Function]}
            type="checkbox"
          />
          <div
            checked={false}
            className="c13"
          >
            <svg
              className="mdi-icon "
              fill="white"
              height="18"
              viewBox="0 0 24 24"
              width="18"
            >
              <path
                d="M21,7L9,19L3.5,13.5L4.91,12.09L9,16.17L19.59,5.59L21,7Z"
              />
            </svg>
          </div>
        </div>
        <span>
          Use advanced timer controls
        </span>
      </label>
      <label>
        <div
          className="c10"
        >
          <input
            checked={false}
            className="c11 c12"
            disabled={false}
            onChange={[Function]}
            type="checkbox"
          />
          <div
            checked={false}
            className="c13"
          >
            <svg
              className="mdi-icon "
              fill="white"
              height="18"
              viewBox="0 0 24 24"
              width="18"
            >
              <path
                d="M21,7L9,19L3.5,13.5L4.91,12.09L9,16.17L19.59,5.59L21,7Z"
              />
            </svg>
          </div>
        </div>
        <span>
          Issue is always editable
        </span>
      </label>
      <label>
        <div
          className="c10"
        >
          <input
            checked={false}
            className="c11 c12"
            disabled={false}
            onChange={[Function]}
            type="checkbox"
          />
          <div
            checked={false}
            className="c13"
          >
            <svg
              className="mdi-icon "
              fill="white"
              height="18"
              viewBox="0 0 24 24"
              width="18"
            >
              <path
                d="M21,7L9,19L3.5,13.5L4.91,12.09L9,16.17L19.59,5.59L21,7Z"
              />
            </svg>
          </div>
        </div>
        <span>
          Comments are editable
        </span>
      </label>
      <label>
        <div
          className="c10"
        >
          <input
            checked={false}
            className="c11 c12"
            disabled={false}
            onChange={[Function]}
            type="checkbox"
          />
          <div
            checked={false}
            className="c13"
          >
            <svg
              className="mdi-icon "
              fill="white"
              height="18"
              viewBox="0 0 24 24"
              width="18"
            >
              <path
                d="M21,7L9,19L3.5,13.5L4.91,12.09L9,16.17L19.59,5.59L21,7Z"
              />
            </svg>
          </div>
        </div>
        <span>
          Custom fields are editable
        </span>
      </label>
    </div>
  </div>
  <div
    className="form-group  c1"
  >
    <h4
      className="c2"
      htmlFor="idleBehavior"
    >
      Timer behavior
      <span
        className="c3"
      >
        <div
          className="c4"
        >
          <svg
            className="mdi-icon c5"
            fill="currentColor"
            height={14}
            viewBox="0 0 24 24"
            width={14}
          >
            <path
              d="M15.07,11.25L14.17,12.17C13.45,12.89 13,13.5 13,15H11V14.5C11,13.39 11.45,12.39 12.17,11.67L13.41,10.41C13.78,10.05 14,9.55 14,9C14,7.89 13.1,7 12,7A2,2 0 0,0 10,9H8A4,4 0 0,1 12,5A4,4 0 0,1 16,9C16,9.88 15.64,10.67 15.07,11.25M13,19H11V17H13M12,2A10,10 0 0,0 2,12A10,10 0 0,0 12,22A10,10 0 0,0 22,12C22,6.47 17.5,2 12,2Z"
            />
          </svg>
          <div
            className="tooltip c6 c14"
          >
            Detect if the system is idle to pause the timer.
          </div>
        </div>
      </span>
    </h4>
    <div
      className="c15"
    >
      <div
        className="css-zerhbt"
        onKeyDown={[Function]}
      >
        <div
          className="css-1rcfx4g"
          onMouseDown={[Function]}
          onTouchEnd={[Function]}
        >
          <div
            className="css-1hwfws3"
          >
            <div
              className="css-1492t68"
            >
              Select...
            </div>
            <div
              className="css-1g6gooi"
            >
              <div
                className=""
                style={
                  Object {
                    "display": "inline-block",
                  }
                }
              >
                <input
                  aria-autocomplete="list"
                  autoCapitalize="none"
                  autoComplete="off"
                  autoCorrect="off"
                  disabled={false}
                  id="react-select-2-input"
                  onBlur={[Function]}
                  onChange={[Function]}
                  onFocus={[Function]}
                  spellCheck="false"
                  style={
                    Object {
                      "background": 0,
                      "border": 0,
                      "boxSizing": "content-box",
                      "color": "inherit",
                      "fontSize": "inherit",
                      "opacity": 1,
                      "outline": 0,
                      "padding": 0,
                      "width": "1px",
                    }
                  }
                  tabIndex="0"
                  type="text"
                  value=""
                />
                <div
                  style={
                    Object {
                      "height": 0,
                      "left": 0,
                      "overflow": "scroll",
                      "position": "absolute",
                      "top": 0,
                      "visibility": "hidden",
                      "whiteSpace": "pre",
                    }
                  }
                >
                  
                </div>
              </div>
            </div>
          </div>
          <div
            className="css-1wy0on6"
          >
            <span
              className="css-d8oujb"
            />
            <div
              aria-hidden="true"
              className="css-1ep9fjw"
              onMouseDown={[Function]}
              onTouchEnd={[Function]}
            >
              <svg
                aria-hidden="true"
                className="css-19bqh2r"
                focusable="false"
                height={20}
                viewBox="0 0 20 20"
                width={20}
              >
                <path
                  d="M4.516 7.548c0.436-0.446 1.043-0.481 1.576 0l3.908 3.747 3.908-3.747c0.533-0.481 1.141-0.446 1.574 0 0.436 0.445 0.408 1.197 0 1.615-0.406 0.418-4.695 4.502-4.695 4.502-0.217 0.223-0.502 0.335-0.787 0.335s-0.57-0.112-0.789-0.335c0 0-4.287-4.084-4.695-4.502s-0.436-1.17 0-1.615z"
                />
              </svg>
            </div>
          </div>
        </div>
        <input
          name="idleBehavior"
          type="hidden"
          value=""
        />
      </div>
      <label
        className="c16"
      >
        <div
          className="c10"
        >
          <input
            checked={false}
            className="c11 c12"
            disabled={false}
            onChange={[Function]}
            type="checkbox"
          />
          <div
            checked={false}
            className="c13"
          >
            <svg
              className="mdi-icon "
              fill="white"
              height="18"
              viewBox="0 0 24 24"
              width="18"
            >
              <path
                d="M21,7L9,19L3.5,13.5L4.91,12.09L9,16.17L19.59,5.59L21,7Z"
              />
            </svg>
          </div>
        </div>
        <span>
          Auto discard idle time from timer
        </span>
      </label>
    </div>
  </div>
  <div
    className="c15"
  >
    <div
      className="form-group  c1"
    >
      <h4
        className="c2"
        htmlFor="checkpoint"
      >
        Timer checkpoint
        <span
          className="c3"
        >
          <div
            className="c4"
          >
            <svg
              className="mdi-icon c5"
              fill="currentColor"
              height={14}
              viewBox="0 0 24 24"
              width={14}
            >
              <path
                d="M15.07,11.25L14.17,12.17C13.45,12.89 13,13.5 13,15H11V14.5C11,13.39 11.45,12.39 12.17,11.67L13.41,10.41C13.78,10.05 14,9.55 14,9C14,7.89 13.1,7 12,7A2,2 0 0,0 10,9H8A4,4 0 0,1 12,5A4,4 0 0,1 16,9C16,9.88 15.64,10.67 15.07,11.25M13,19H11V17H13M12,2A10,10 0 0,0 2,12A10,10 0 0,0 12,22A10,10 0 0,0 22,12C22,6.47 17.5,2 12,2Z"
              />
            </svg>
            <div
              className="tooltip c6 c14"
            >
              <div
                className="c8"
              >
                <span>
                  Save the state of the timer periodically to avoid losing temporary data
                </span>
                <span>
                  (eg. killing/suspend/shutdown not working properly in your system).
                </span>
              </div>
            </div>
          </div>
        </span>
      </h4>
      <div
        className="css-zerhbt"
        onKeyDown={[Function]}
      >
        <div
          className="css-1rcfx4g"
          onMouseDown={[Function]}
          onTouchEnd={[Function]}
        >
          <div
            className="css-1hwfws3"
          >
            <div
              className="css-1492t68"
            >
              Select...
            </div>
            <div
              className="css-1g6gooi"
            >
              <div
                className=""
                style={
                  Object {
                    "display": "inline-block",
                  }
                }
              >
                <input
                  aria-autocomplete="list"
                  autoCapitalize="none"
                  autoComplete="off"
                  autoCorrect="off"
                  disabled={false}
                  id="react-select-3-input"
                  onBlur={[Function]}
                  onChange={[Function]}
                  onFocus={[Function]}
                  spellCheck="false"
                  style={
                    Object {
                      "background": 0,
                      "border": 0,
                      "boxSizing": "content-box",
                      "color": "inherit",
                      "fontSize": "inherit",
                      "opacity": 1,
                      "outline": 0,
                      "padding": 0,
                      "width": "1px",
                    }
                  }
                  tabIndex="0"
                  type="text"
                  value=""
                />
                <div
                  style={
                    Object {
                      "height": 0,
                      "left": 0,
                      "overflow": "scroll",
                      "position": "absolute",
                      "top": 0,
                      "visibility": "hidden",
                      "whiteSpace": "pre",
                    }
                  }
                >
                  
                </div>
              </div>
            </div>
          </div>
          <div
            className="css-1wy0on6"
          >
            <span
              className="css-d8oujb"
            />
            <div
              aria-hidden="true"
              className="css-1ep9fjw"
              onMouseDown={[Function]}
              onTouchEnd={[Function]}
            >
              <svg
                aria-hidden="true"
                className="css-19bqh2r"
                focusable="false"
                height={20}
                viewBox="0 0 20 20"
                width={20}
              >
                <path
                  d="M4.516 7.548c0.436-0.446 1.043-0.481 1.576 0l3.908 3.747 3.908-3.747c0.533-0.481 1.141-0.446 1.574 0 0.436 0.445 0.408 1.197 0 1.615-0.406 0.418-4.695 4.502-4.695 4.502-0.217 0.223-0.502 0.335-0.787 0.335s-0.57-0.112-0.789-0.335c0 0-4.287-4.084-4.695-4.502s-0.436-1.17 0-1.615z"
                />
              </svg>
            </div>
          </div>
        </div>
        <input
          name="checkpoint"
          type="hidden"
          value=""
        />
      </div>
    </div>
  </div>
  <div
    className="c15"
  >
    <div
      className="form-group  c1"
    >
      <h4
        className="c2"
        htmlFor="progress"
      >
        Progress values
        <span
          className="c3"
        >
          <div
            className="c4"
          >
            <svg
              className="mdi-icon c5"
              fill="currentColor"
              height={14}
              viewBox="0 0 24 24"
              width={14}
            >
              <path
                d="M15.07,11.25L14.17,12.17C13.45,12.89 13,13.5 13,15H11V14.5C11,13.39 11.45,12.39 12.17,11.67L13.41,10.41C13.78,10.05 14,9.55 14,9C14,7.89 13.1,7 12,7A2,2 0 0,0 10,9H8A4,4 0 0,1 12,5A4,4 0 0,1 16,9C16,9.88 15.64,10.67 15.07,11.25M13,19H11V17H13M12,2A10,10 0 0,0 2,12A10,10 0 0,0 12,22A10,10 0 0,0 22,12C22,6.47 17.5,2 12,2Z"
              />
            </svg>
            <div
              className="tooltip c6 c14"
            >
              Use 10% unless you have server-side support.
            </div>
          </div>
        </span>
      </h4>
      <div
        className="css-zerhbt"
        onKeyDown={[Function]}
      >
        <div
          className="css-1rcfx4g"
          onMouseDown={[Function]}
          onTouchEnd={[Function]}
        >
          <div
            className="css-1hwfws3"
          >
            <div
              className="css-1492t68"
            >
              Select...
            </div>
            <div
              className="css-1g6gooi"
            >
              <div
                className=""
                style={
                  Object {
                    "display": "inline-block",
                  }
                }
              >
                <input
                  aria-autocomplete="list"
                  autoCapitalize="none"
                  autoComplete="off"
                  autoCorrect="off"
                  disabled={false}
                  id="react-select-4-input"
                  onBlur={[Function]}
                  onChange={[Function]}
                  onFocus={[Function]}
                  spellCheck="false"
                  style={
                    Object {
                      "background": 0,
                      "border": 0,
                      "boxSizing": "content-box",
                      "color": "inherit",
                      "fontSize": "inherit",
                      "opacity": 1,
                      "outline": 0,
                      "padding": 0,
                      "width": "1px",
                    }
                  }
                  tabIndex="0"
                  type="text"
                  value=""
                />
                <div
                  style={
                    Object {
                      "height": 0,
                      "left": 0,
                      "overflow": "scroll",
                      "position": "absolute",
                      "top": 0,
                      "visibility": "hidden",
                      "whiteSpace": "pre",
                    }
                  }
                >
                  
                </div>
              </div>
            </div>
          </div>
          <div
            className="css-1wy0on6"
          >
            <span
              className="css-d8oujb"
            />
            <div
              aria-hidden="true"
              className="css-1ep9fjw"
              onMouseDown={[Function]}
              onTouchEnd={[Function]}
            >
              <svg
                aria-hidden="true"
                className="css-19bqh2r"
                focusable="false"
                height={20}
                viewBox="0 0 20 20"
                width={20}
              >
                <path
                  d="M4.516 7.548c0.436-0.446 1.043-0.481 1.576 0l3.908 3.747 3.908-3.747c0.533-0.481 1.141-0.446 1.574 0 0.436 0.445 0.408 1.197 0 1.615-0.406 0.418-4.695 4.502-4.695 4.502-0.217 0.223-0.502 0.335-0.787 0.335s-0.57-0.112-0.789-0.335c0 0-4.287-4.084-4.695-4.502s-0.436-1.17 0-1.615z"
                />
              </svg>
            </div>
          </div>
        </div>
        <input
          name="progress"
          type="hidden"
          value=""
        />
      </div>
    </div>
  </div>
  <div
    className="c15"
  >
    <div
      className="form-group  c1"
    >
      <h4
        className="c2"
        htmlFor="uiStyle"
      >
        UI style
      </h4>
      <div
        className="css-zerhbt"
        onKeyDown={[Function]}
      >
        <div
          className="css-1rcfx4g"
          onMouseDown={[Function]}
          onTouchEnd={[Function]}
        >
          <div
            className="css-1hwfws3"
          >
            <div
              className="css-xp4uvy"
            >
              Default with colors
            </div>
            <div
              className="css-1g6gooi"
            >
              <div
                className=""
                style={
                  Object {
                    "display": "inline-block",
                  }
                }
              >
                <input
                  aria-autocomplete="list"
                  autoCapitalize="none"
                  autoComplete="off"
                  autoCorrect="off"
                  disabled={false}
                  id="react-select-5-input"
                  onBlur={[Function]}
                  onChange={[Function]}
                  onFocus={[Function]}
                  spellCheck="false"
                  style={
                    Object {
                      "background": 0,
                      "border": 0,
                      "boxSizing": "content-box",
                      "color": "inherit",
                      "fontSize": "inherit",
                      "opacity": 1,
                      "outline": 0,
                      "padding": 0,
                      "width": "1px",
                    }
                  }
                  tabIndex="0"
                  type="text"
                  value=""
                />
                <div
                  style={
                    Object {
                      "height": 0,
                      "left": 0,
                      "overflow": "scroll",
                      "position": "absolute",
                      "top": 0,
                      "visibility": "hidden",
                      "whiteSpace": "pre",
                    }
                  }
                >
                  
                </div>
              </div>
            </div>
          </div>
          <div
            className="css-1wy0on6"
          >
            <span
              className="css-d8oujb"
            />
            <div
              aria-hidden="true"
              className="css-1ep9fjw"
              onMouseDown={[Function]}
              onTouchEnd={[Function]}
            >
              <svg
                aria-hidden="true"
                className="css-19bqh2r"
                focusable="false"
                height={20}
                viewBox="0 0 20 20"
                width={20}
              >
                <path
                  d="M4.516 7.548c0.436-0.446 1.043-0.481 1.576 0l3.908 3.747 3.908-3.747c0.533-0.481 1.141-0.446 1.574 0 0.436 0.445 0.408 1.197 0 1.615-0.406 0.418-4.695 4.502-4.695 4.502-0.217 0.223-0.502 0.335-0.787 0.335s-0.57-0.112-0.789-0.335c0 0-4.287-4.084-4.695-4.502s-0.436-1.17 0-1.615z"
                />
              </svg>
            </div>
          </div>
        </div>
        <input
          name="uiStyle"
          type="hidden"
          value="colors"
        />
      </div>
    </div>
  </div>
</div>
`;
