// Jest Snapshot v1, https://goo.gl/fbAQLP

exports[`AppView -> Summary Page should match the snapshot 1`] = `
.c11 {
  display: block;
  width: 100%;
  border-radius: 3px;
  padding: 5px 10px;
  box-sizing: border-box;
  font-size: 14px;
  min-height: 35px;
  outline: none;
  font-weight: bold;
  -webkit-transition: background .2s;
  transition: background .2s;
  border: 1px solid #909090;
  color: #FF7079;
  background: white;
}

.c11:hover {
  border: 1px solid #FF7079;
}

.c11:focus {
  border-color: #FF7079;
  box-shadow: 0px 0px 0px 1px #FF7079;
}

.c11::-webkit-input-placeholder {
  color: #909090;
}

.c11::-moz-placeholder {
  color: #909090;
}

.c11:-ms-input-placeholder {
  color: #909090;
}

.c11::placeholder {
  color: #909090;
}

.c7 {
  border: 0;
  -webkit-clip: rect(0 0 0 0);
  clip: rect(0 0 0 0);
  -webkit-clippath: inset(50%);
  clippath: inset(50%);
  height: 1px;
  margin: -1px;
  overflow: hidden;
  padding: 0;
  position: absolute;
  white-space: nowrap;
  width: 1px;
}

.c8 {
  display: inline-block;
  width: 16px;
  height: 16px;
  background: #F9F9F9 transition:background .2s;
  border: 2px solid transparent;
  border-radius: 3px;
  cursor: pointer;
  background: white;
  border-color: #FF7079;
}

.c8 svg {
  visibility: hidden;
  position: relative;
  vertical-align: middle;
  bottom: 3px;
}

.c6:not(:disabled):hover + .c8,
.c6:focus + .c8 {
  box-shadow: 0px 0px 5px 1px #FF7F87;
}

.c6:disabled + .c8 {
  background: #F9F9F9;
  border-color: lightgrey;
}

.c5 {
  display: inline-block;
  vertical-align: middle;
}

.c5 + span {
  margin-left: 10px;
  vertical-align: middle;
}

.c3 h4 {
  margin-bottom: 10px;
  color: #909090;
}

.c4 {
  color: #909090;
}

.c12 {
  position: relative;
}

.c12 tbody {
  text-align: center;
  font-size: 14px;
  overflow-y: scroll;
  display: block;
  max-height: 60vh;
}

.c12 tbody tr th {
  padding: 15px 5px;
  position: -webkit-sticky;
  position: sticky;
  top: 0;
  background: #F9F9F9;
  font-weight: 900;
  -webkit-transition: color ease .2s;
  transition: color ease .2s;
}

.c12 tbody tr th:hover {
  cursor: pointer;
  color: #FF7079;
}

.c12 tbody tr th svg {
  vertical-align: middle;
}

.c12 tbody tr th.due-date {
  width: 90px;
  z-index: 1;
}

.c12 tbody tr td {
  padding: 15px 5px;
  font-weight: 500;
  -webkit-transition: background ease .2s;
  transition: background ease .2s;
}

.c12 tbody tr:hover {
  cursor: pointer;
}

.c12 tbody tr:hover td {
  background: #F9F9F9;
}

.c9 {
  margin-top: 10px;
}

.c0 {
  display: grid;
  padding: 20px;
  grid-template-columns: repeat(auto-fit,minmax(100px,1fr));
  margin-bottom: 60px;
}

.c1 {
  background: white;
  padding: 0px 20px 20px 20px;
  border-radius: 5px;
  grid-column: span 8;
  grid-row: auto;
}

.c2 {
  display: grid;
  grid-template-columns: minmax(200px,auto) 1fr;
  grid-template-rows: auto;
  grid-row-gap: 20px;
  grid-column-gap: 20px;
  margin-bottom: 20px;
}

.c10 {
  grid-column: 1/-1;
}

<div
  className="c0"
>
  <section
    className="c1"
  >
    <h2>
      Issues assigned to me
    </h2>
    <div
      className="c2"
    >
      <div>
        <div
          className="form-group undefined c3"
        >
          <h4
            className="c4"
            htmlFor="queryOptions"
          >
            Options
          </h4>
          <div
            id="queryOptions"
          >
            <label>
              <div
                className="c5"
              >
                <input
                  checked={false}
                  className="c6 c7"
                  disabled={false}
                  onChange={[Function]}
                  type="checkbox"
                />
                <div
                  checked={false}
                  className="c8"
                >
                  <svg
                    className="mdi-icon "
                    fill="white"
                    height="18"
                    viewBox="0 0 24 24"
                    width="18"
                  >
                    <path
                      d="M21,7L9,19L3.5,13.5L4.91,12.09L9,16.17L19.59,5.59L21,7Z"
                    />
                  </svg>
                </div>
              </div>
              <span>
                Include Closed
              </span>
            </label>
          </div>
        </div>
        <div
          className="c9"
        >
          <label>
            <div
              className="c5"
            >
              <input
                checked={false}
                className="c6 c7"
                disabled={false}
                onChange={[Function]}
                type="checkbox"
              />
              <div
                checked={false}
                className="c8"
              >
                <svg
                  className="mdi-icon "
                  fill="white"
                  height="18"
                  viewBox="0 0 24 24"
                  width="18"
                >
                  <path
                    d="M21,7L9,19L3.5,13.5L4.91,12.09L9,16.17L19.59,5.59L21,7Z"
                  />
                </svg>
              </div>
            </div>
            <span>
              Use Colors
            </span>
          </label>
        </div>
      </div>
      <div
        className="form-group undefined c3"
      >
        <h4
          className="c4"
          htmlFor="headers"
        >
          Table Columns
        </h4>
        <div
          className="css-10nd86i"
          onKeyDown={[Function]}
        >
          <div
            className="css-1rcfx4g"
            onMouseDown={[Function]}
            onTouchEnd={[Function]}
          >
            <div
              className="css-1hwfws3"
            >
              <div
                style={
                  Object {
                    "overflow": "hidden",
                    "whiteSpace": "nowrap",
                    "width": "auto",
                  }
                }
              >
                <div
                  className="css-iuzuh3"
                >
                  <div
                    className="css-7ydjiw"
                  >
                    Id
                  </div>
                  <div
                    className="css-azd3r6"
                    onClick={[Function]}
                    onMouseDown={[Function]}
                    onTouchEnd={[Function]}
                  >
                    <svg
                      aria-hidden="true"
                      className="css-19bqh2r"
                      focusable="false"
                      height={14}
                      viewBox="0 0 20 20"
                      width={14}
                    >
                      <path
                        d="M14.348 14.849c-0.469 0.469-1.229 0.469-1.697 0l-2.651-3.030-2.651 3.029c-0.469 0.469-1.229 0.469-1.697 0-0.469-0.469-0.469-1.229 0-1.697l2.758-3.15-2.759-3.152c-0.469-0.469-0.469-1.228 0-1.697s1.228-0.469 1.697 0l2.652 3.031 2.651-3.031c0.469-0.469 1.228-0.469 1.697 0s0.469 1.229 0 1.697l-2.758 3.152 2.758 3.15c0.469 0.469 0.469 1.229 0 1.698z"
                      />
                    </svg>
                  </div>
                </div>
              </div>
              <div
                style={
                  Object {
                    "overflow": "hidden",
                    "whiteSpace": "nowrap",
                    "width": "auto",
                  }
                }
              >
                <div
                  className="css-iuzuh3"
                >
                  <div
                    className="css-7ydjiw"
                  >
                    Subject
                  </div>
                  <div
                    className="css-azd3r6"
                    onClick={[Function]}
                    onMouseDown={[Function]}
                    onTouchEnd={[Function]}
                  >
                    <svg
                      aria-hidden="true"
                      className="css-19bqh2r"
                      focusable="false"
                      height={14}
                      viewBox="0 0 20 20"
                      width={14}
                    >
                      <path
                        d="M14.348 14.849c-0.469 0.469-1.229 0.469-1.697 0l-2.651-3.030-2.651 3.029c-0.469 0.469-1.229 0.469-1.697 0-0.469-0.469-0.469-1.229 0-1.697l2.758-3.15-2.759-3.152c-0.469-0.469-0.469-1.228 0-1.697s1.228-0.469 1.697 0l2.652 3.031 2.651-3.031c0.469-0.469 1.228-0.469 1.697 0s0.469 1.229 0 1.697l-2.758 3.152 2.758 3.15c0.469 0.469 0.469 1.229 0 1.698z"
                      />
                    </svg>
                  </div>
                </div>
              </div>
              <div
                className="css-1g6gooi"
              >
                <div
                  className=""
                  style={
                    Object {
                      "display": "inline-block",
                    }
                  }
                >
                  <input
                    aria-autocomplete="list"
                    autoCapitalize="none"
                    autoComplete="off"
                    autoCorrect="off"
                    disabled={false}
                    id="react-select-2-input"
                    onBlur={[Function]}
                    onChange={[Function]}
                    onFocus={[Function]}
                    spellCheck="false"
                    style={
                      Object {
                        "background": 0,
                        "border": 0,
                        "boxSizing": "content-box",
                        "color": "inherit",
                        "fontSize": "inherit",
                        "opacity": 1,
                        "outline": 0,
                        "padding": 0,
                        "width": "1px",
                      }
                    }
                    tabIndex="0"
                    type="text"
                    value=""
                  />
                  <div
                    style={
                      Object {
                        "height": 0,
                        "left": 0,
                        "overflow": "scroll",
                        "position": "absolute",
                        "top": 0,
                        "visibility": "hidden",
                        "whiteSpace": "pre",
                      }
                    }
                  >
                    
                  </div>
                </div>
              </div>
            </div>
            <div
              className="css-1wy0on6"
            >
              <span
                className="css-d8oujb"
              />
              <div
                aria-hidden="true"
                className="css-1ep9fjw"
                onMouseDown={[Function]}
                onTouchEnd={[Function]}
              >
                <svg
                  aria-hidden="true"
                  className="css-19bqh2r"
                  focusable="false"
                  height={20}
                  viewBox="0 0 20 20"
                  width={20}
                >
                  <path
                    d="M4.516 7.548c0.436-0.446 1.043-0.481 1.576 0l3.908 3.747 3.908-3.747c0.533-0.481 1.141-0.446 1.574 0 0.436 0.445 0.408 1.197 0 1.615-0.406 0.418-4.695 4.502-4.695 4.502-0.217 0.223-0.502 0.335-0.787 0.335s-0.57-0.112-0.789-0.335c0 0-4.287-4.084-4.695-4.502s-0.436-1.17 0-1.615z"
                  />
                </svg>
              </div>
            </div>
          </div>
          <div>
            <input
              name="headers"
              type="hidden"
              value="id"
            />
            <input
              name="headers"
              type="hidden"
              value="subject"
            />
          </div>
        </div>
      </div>
      <div
        className="c10"
      >
        <input
          className="c11"
          disabled={false}
          name="search"
          onChange={[Function]}
          placeholder="Search"
          type="text"
        />
      </div>
    </div>
    <table
      cellPadding={0}
      cellSpacing={0}
      className="c12"
      width="100%"
    >
      <tbody>
        <tr>
          <th
            className=""
            onClick={[Function]}
          >
            Id
             
          </th>
          <th
            className=""
            onClick={[Function]}
          >
            Subject
             
          </th>
        </tr>
      </tbody>
    </table>
  </section>
</div>
`;
