// Jest Snapshot v1, https://goo.gl/fbAQLP

exports[`IssueDetails => TimeEntries component should match the snapshot 1`] = `
.c3 {
  border-radius: 3px;
  font-weight: bold;
  font-size: 14px;
  outline: none;
  text-align: center;
  background: #FFFFFF;
  -webkit-transition: color ease .2s;
  transition: color ease .2s;
  -webkit-transition: background ease .2s;
  transition: background ease .2s;
  width: auto;
  border: 2px solid #FF7079;
  color: #FF7079;
  cursor: pointer;
}

.c3:hover,
.c3:focus {
  background: #FF7079;
  color: #FFFFFF !important;
}

.c3:hover svg,
.c3:focus svg {
  fill: #FFFFFF;
}

.c3:active {
  background: #EF6069;
}

.c4 {
  border-radius: 3px;
  font-weight: bold;
  font-size: 14px;
  outline: none;
  text-align: center;
  background: #FFFFFF;
  -webkit-transition: color ease .2s;
  transition: color ease .2s;
  -webkit-transition: background ease .2s;
  transition: background ease .2s;
  width: auto;
  border: 2px solid #A0A0A0;
  background: #FFFFFF;
  color: #A0A0A0;
}

.c4 svg {
  fill: #A0A0A0;
}

.c7 {
  -webkit-text-decoration: none;
  text-decoration: none;
  color: #FF7079;
  -webkit-transition: color ease .2s;
  transition: color ease .2s;
}

.c7:hover {
  color: #EF6069;
}

.c7:hover svg {
  fill: #EF6069;
}

.c7:active,
.c7:focus,
.c7:visited {
  background: transparent;
}

.c6 {
  position: relative;
  display: inline-grid;
  grid-template-rows: 1fr;
}

.c6 span {
  float: left;
  grid-row: 1;
  grid-column: 1;
}

.c6 span:last-child {
  opacity: 0;
  display: none;
}

.c1 {
  display: -webkit-box;
  display: -webkit-flex;
  display: -ms-flexbox;
  display: flex;
  -webkit-align-items: center;
  -webkit-box-align: center;
  -ms-flex-align: center;
  align-items: center;
  -webkit-box-pack: justify;
  -webkit-justify-content: space-between;
  -ms-flex-pack: justify;
  justify-content: space-between;
  border-radius: 3px;
}

.c1 h2 {
  display: inline-block;
  margin-left: 15px;
  margin-right: 15px;
}

.c1 > div {
  margin-right: 15px;
  padding: 0px 5px;
  border-radius: 3px;
}

.c1 > div button {
  background: #FFFFFF;
  margin: 0px 5px;
}

.c2 {
  display: -webkit-inline-box;
  display: -webkit-inline-flex;
  display: -ms-inline-flexbox;
  display: inline-flex;
  -webkit-align-items: center;
  -webkit-box-align: center;
  -ms-flex-align: center;
  align-items: center;
  background: #FF7F87;
}

.c0 {
  background: white;
  max-height: 550px;
  min-width: 350px;
}

.c5 {
  position: relative;
  list-style-type: none;
  padding: 0px 10px 10px 10px;
  border-radius: 3px;
  margin: 0;
  overflow-y: scroll;
  max-height: 500px;
  background: #F9F9F9;
  box-shadow: inset 0px 0px 10px 0px #F9F9F9;
}

.c5 li {
  cursor: pointer;
  display: block;
  padding: 10px;
  margin: 10px auto 0px auto;
  border-radius: 3px;
  border: 1px solid #E9E9E9;
  background: #FFFFFF;
}

.c5 li div.status {
  display: -webkit-box;
  display: -webkit-flex;
  display: -ms-flexbox;
  display: flex;
  -webkit-align-items: center;
  -webkit-box-align: center;
  -ms-flex-align: center;
  align-items: center;
  -webkit-box-pack: justify;
  -webkit-justify-content: space-between;
  -ms-flex-pack: justify;
  justify-content: space-between;
}

.c5 li div.status a {
  margin-left: 10px;
  visibility: hidden;
  position: absolute;
  right: 0;
  background: white;
  border-radius: 50%;
  border: 1px solid lightgray;
  margin-top: -16px;
}

.c5 li div.status div {
  -webkit-box-flex: 1;
  -webkit-flex-grow: 1;
  -ms-flex-positive: 1;
  flex-grow: 1;
  display: -webkit-box;
  display: -webkit-flex;
  display: -ms-flexbox;
  display: flex;
  -webkit-box-pack: justify;
  -webkit-justify-content: space-between;
  -ms-flex-pack: justify;
  justify-content: space-between;
}

.c5 li div.status div span.time,
.c5 li div.status div span.date {
  margin-right: 5px;
  font-size: 12px;
  color: #A0A0A0;
}

.c5 li div.status div span.username {
  font-weight: bold;
  margin-right: 5px;
  color: #3F3844;
  width: 150px;
}

.c5 li div.extra {
  display: grid;
  -webkit-box-pack: justify;
  -webkit-justify-content: space-between;
  -ms-flex-pack: justify;
  justify-content: space-between;
  grid-template-columns: 1fr auto;
  grid-auto-flow: row;
  grid-column-gap: 1rem;
  grid-row-gap: 3px;
  -webkit-align-items: end;
  -webkit-box-align: end;
  -ms-flex-align: end;
  align-items: end;
}

.c5 li div.extra:not(:empty) {
  margin-top: 0.5rem;
}

.c5 li div.extra span {
  font-size: 12px;
  color: #A0A0A0;
}

.c5 li div.extra span:nth-child(even) {
  text-align: right;
}

.c5 li p {
  margin-bottom: 0px;
  min-width: 100%;
  width: 0;
  line-height: 2;
}

.c5 li:hover div:first-child a {
  visibility: visible;
}

<div
  className="c0"
>
  <div
    className="c1"
  >
    <h2
      className="padded"
    >
      Time spent
    </h2>
    <div>
      <button
        className="c2 c3"
        disabled={false}
        onClick={[Function]}
        type="button"
      >
        <svg
          className="mdi-icon "
          fill="currentColor"
          height={22}
          viewBox="0 0 24 24"
          width={22}
        >
          <path
            d="M19,13H13V19H11V13H5V11H11V5H13V11H19V13Z"
          />
        </svg>
        <span>
           Add
        </span>
      </button>
      <button
        className="c2 c4"
        disabled={true}
        onClick={[Function]}
        type="button"
      >
        <svg
          className="mdi-icon "
          fill="currentColor"
          height={22}
          viewBox="0 0 24 24"
          width={22}
        >
          <path
            d="M12,20A7,7 0 0,1 5,13A7,7 0 0,1 12,6A7,7 0 0,1 19,13A7,7 0 0,1 12,20M19.03,7.39L20.45,5.97C20,5.46 19.55,5 19.04,4.56L17.62,6C16.07,4.74 14.12,4 12,4A9,9 0 0,0 3,13A9,9 0 0,0 12,22C17,22 21,17.97 21,13C21,10.88 20.26,8.93 19.03,7.39M11,14H13V8H11M15,1H9V3H15V1Z"
          />
        </svg>
        <span>
           Track
        </span>
      </button>
    </div>
  </div>
  <ul
    className="c5"
  >
    <li
      onClick={[Function]}
    >
      <div
        className="status"
      >
        <div>
          <span
            className="username"
          >
            John Wayne
          </span>
          <span
            className="time"
          >
            3.2
             hours
          </span>
          <span
            className="c6"
          >
            <span
              align="right"
              className="date"
            >
              Jan 01 2011
            </span>
            <span
              className="date"
            >
              Jan 01 2011
            </span>
          </span>
        </div>
        <a
          className="c7"
          disabled={false}
          href="#"
          onClick={[Function]}
        >
          <svg
            className="mdi-icon "
            fill="#3F3844"
            height={24}
            viewBox="0 0 24 24"
            width={24}
          >
            <path
              d="M19,6.41L17.59,5L12,10.59L6.41,5L5,6.41L10.59,12L5,17.59L6.41,19L12,13.41L17.59,19L19,17.59L13.41,12L19,6.41Z"
            />
          </svg>
        </a>
      </div>
      <p>
        Let's get this done
      </p>
      <div
        className="extra"
      >
        <span>
          Development
        </span>
      </div>
    </li>
    <li
      onClick={[Function]}
    >
      <div
        className="status"
      >
        <div>
          <span
            className="username"
          >
            John Snow
          </span>
          <span
            className="time"
          >
            3.2
             hours
          </span>
          <span
            className="c6"
          >
            <span
              align="right"
              className="date"
            >
              Jan 01 2011
            </span>
            <span
              className="date"
            >
              Jan 01 2011
            </span>
          </span>
        </div>
      </div>
      <p>
        I know nothing
      </p>
      <div
        className="extra"
      >
        <span>
          Testing
        </span>
      </div>
    </li>
  </ul>
</div>
`;
