// Jest Snapshot v1, https://goo.gl/fbAQLP

exports[`AppView should match the snapshot 1`] = `
.c3 {
  -webkit-text-decoration: none;
  text-decoration: none;
  -webkit-transition: color ease;
  transition: color ease;
}

.c3:active,
.c3:focus,
.c3:visited {
  background: transparent;
}

.c2 {
  position: fixed;
  top: 0px;
  left: 0px;
  right: 0px;
  z-index: 2;
  height: 50px;
  background: linear-gradient(to bottom,85%,transparent);
  display: -webkit-box;
  display: -webkit-flex;
  display: -ms-flexbox;
  display: flex;
  -webkit-align-items: center;
  -webkit-box-align: center;
  -ms-flex-align: center;
  align-items: center;
  -webkit-box-pack: justify;
  -webkit-justify-content: space-between;
  -ms-flex-pack: justify;
  justify-content: space-between;
  padding: 20px 40px 0px 40px;
}

.c2 ul {
  list-style-type: none;
  padding: 0;
  margin: 0;
  display: -webkit-box;
  display: -webkit-flex;
  display: -ms-flexbox;
  display: flex;
  -webkit-align-items: center;
  -webkit-box-align: center;
  -ms-flex-align: center;
  align-items: center;
}

.c2 ul li {
  display: inline;
  font-size: 15px;
  font-weight: bold;
  -webkit-transition: color ease;
  transition: color ease;
}

.c2 ul li a {
  -webkit-text-decoration: none;
  text-decoration: none;
  -webkit-transition: color ease;
  transition: color ease;
  padding-bottom: 5px;
}

.c2 ul li a.active {
  border-bottom: 2px solid;
}

.c2 ul li:hover {
  cursor: pointer;
}

.c2 ul:first-child li {
  margin: 0px 20px;
}

.c2 ul:first-child li:first-child {
  margin-left: 0;
}

.c2 ul:last-child li {
  margin: 0px 20px;
}

.c2 ul:last-child li:last-child {
  margin-right: 0px;
}

.c5 {
  max-width: 100%;
  box-sizing: border-box;
  padding: 20px;
  position: fixed;
  bottom: 0;
  width: 100%;
  display: none;
  -webkit-align-items: center;
  -webkit-box-align: center;
  -ms-flex-align: center;
  align-items: center;
  box-shadow: 0px 0px 15px;
}

.c5 div.buttons {
  margin: 0 20px;
}

.c5 div.issueName,
.c5 div.time {
  margin: 0 20px;
  font-size: 16px;
  font-weight: bold;
}

.c5 div.buttons a {
  padding: 10px 0px;
}

.c5 div.buttons a:first-child {
  margin-right: 20px;
}

.c6 {
  padding: 0px;
}

.c1 {
  position: fixed;
  top: 0;
  left: 0;
  right: 0;
  height: 23px;
  z-index: 3;
  -webkit-app-region: drag;
}

.c0 {
  height: 100%;
  display: grid;
  grid-template-rows: 60px auto 80px;
  grid-template-columns: repeat(auto-fit,minmax(70px,1fr));
}

.c4 {
  grid-column: span 12;
  grid-row: 2 / -1;
}

<div
  className="c0"
>
  <div
    className="c1"
  />
  <nav
    className="c2"
  >
    <ul>
      <li>
        <a
          aria-current={null}
          href="#/app/summary"
          onClick={[Function]}
        >
          Summary
        </a>
      </li>
      <li>
        Issues
      </li>
    </ul>
    <ul>
      <li>
        <a
          href="#/app/summary"
          onClick={[Function]}
        >
          John Wayne
        </a>
      </li>
      <li>
        <a
          className="c3"
          disabled={false}
          href="#"
          id="signout"
          onClick={[Function]}
        >
          Sign out
        </a>
      </li>
    </ul>
  </nav>
  <div
    className="c4"
  >
    <div
      className="c5"
    >
      <div
        className="buttons"
      >
        <a
          className="c6 c3"
          disabled={false}
          href="#"
          onClick={[Function]}
        >
          <svg
            className="mdi-icon "
            fill="currentColor"
            height={35}
            viewBox="0 0 24 24"
            width={35}
          >
            <path
              d="M18,18H6V6H18V18Z"
            />
          </svg>
        </a>
        <a
          className="c6 c3"
          disabled={false}
          href="#"
          onClick={[Function]}
        >
          <svg
            className="mdi-icon "
            fill="currentColor"
            height={35}
            viewBox="0 0 24 24"
            width={35}
          >
            <path
              d="M14,19H18V5H14M6,19H10V5H6V19Z"
            />
          </svg>
        </a>
      </div>
      <div
        className="issueName"
      >
        <span>
          Test issue
        </span>
      </div>
      <div
        className="time"
      >
        <span>
          00:00:00
        </span>
      </div>
    </div>
  </div>
</div>
`;
