// Jest Snapshot v1, https://goo.gl/fbAQLP

exports[`Navbar component should match the snapshot 1`] = `
.c2 {
  -webkit-text-decoration: none;
  text-decoration: none;
  -webkit-transition: color ease;
  transition: color ease;
}

.c2:active,
.c2:focus,
.c2:visited {
  background: transparent;
}

.c3 {
  color: gray;
  -webkit-align-self: flex-end;
  -ms-flex-item-align: end;
  align-self: flex-end;
}

.c0 {
  position: fixed;
  top: 0px;
  left: 0px;
  right: 0px;
  z-index: 2;
  height: 50px;
  display: -webkit-box;
  display: -webkit-flex;
  display: -ms-flexbox;
  display: flex;
  -webkit-align-items: center;
  -webkit-box-align: center;
  -ms-flex-align: center;
  align-items: center;
  -webkit-box-pack: justify;
  -webkit-justify-content: space-between;
  -ms-flex-pack: justify;
  justify-content: space-between;
  padding: 20px 40px 0px 40px;
  background: linear-gradient(to bottom,85%,transparent);
}

.c0 ul {
  list-style-type: none;
  padding: 0;
  margin: 0;
  display: -webkit-box;
  display: -webkit-flex;
  display: -ms-flexbox;
  display: flex;
  -webkit-align-items: center;
  -webkit-box-align: center;
  -ms-flex-align: center;
  align-items: center;
}

.c0 ul li {
  display: inline;
  font-size: 15px;
  font-weight: bold;
  -webkit-transition: color ease;
  transition: color ease;
}

.c0 ul li a {
  -webkit-text-decoration: none;
  text-decoration: none;
  -webkit-transition: color ease;
  transition: color ease;
  padding-bottom: 5px;
}

.c0 ul li a.active {
  border-bottom: 2px solid;
}

.c0 ul li:hover a {
  cursor: pointer;
}

.c0 ul:first-child li {
  margin: 0px 20px;
}

.c0 ul:first-child li:first-child {
  margin-left: 0;
}

.c0 ul:last-child li {
  margin: 0px 20px;
}

.c0 ul:last-child li:last-child {
  margin-right: 0px;
}

.c1 svg {
  border-radius: 3px;
  border: 2px solid transparent;
  -webkit-transition: all ease;
  transition: all ease;
}

.c1 svg:hover {
  border: 2px solid;
}

.c1 svg {
  -webkit-animation: ikNrtx 2s ease-in infinite;
  animation: ikNrtx 2s ease-in infinite;
}

.c1 svg:hover {
  -webkit-animation-play-state: paused;
  animation-play-state: paused;
}

<nav
  className="c0"
>
  <ul>
    <li>
      <a
        className="c1 c2"
        disabled={false}
        href="#"
        onClick={[Function]}
      >
        <svg
          className="mdi-icon "
          fill="currentColor"
          height={30}
          viewBox="0 0 24 24"
          width={30}
        >
          <path
            d="M20,11V13H8L13.5,18.5L12.08,19.92L4.16,12L12.08,4.08L13.5,5.5L8,11H20Z"
          />
        </svg>
      </a>
    </li>
    <li>
      <a
        aria-current={null}
        href="#/app/summary"
        onClick={[Function]}
      >
        Summary
      </a>
    </li>
  </ul>
  <ul>
    <li>
      <a
        aria-current={null}
        href="#/app/settings"
        onClick={[Function]}
      >
        Settings
      </a>
    </li>
    <li>
      <span
        className="c3"
      >
        Anonymous
      </span>
    </li>
    <li>
      <a
        className="c2"
        disabled={false}
        href="#"
        id="signout"
        onClick={[Function]}
      >
        Sign out
      </a>
    </li>
  </ul>
</nav>
`;
